▿ (2 elements)
  ▿ .0: Optional<String>
    - some: "compare"
  ▿ .1: Options
    - projectDir: Optional<String>.none
    - shouldPrintVersion: false
    - verbose: false
