▿ Components
  - contributorEmail: "author@email.com"
  - message: "fixing something somewhere"
  ▿ pullRequestNumber: Optional<Int>
    - some: 1234
  - sha: "5a544059e165f0703843d1c6c509cc853ad6afa4"
  ▿ tags: 2 elements
    - "tag1"
    - "tag2"
