- "The operation couldnâ€™t be completed. Unable to automatically resolve versions. Pass versions in directly through --versions option"
