â–¿ Optional<String>
  - some: "\n# 6.19.1 (56789)\n\n### Timeline\n- Begin development:\n- Feature cut-off / Start of bake / dogfooding:\n- Submission:\n- Release (expected):\n- Release (actual):\n"
