- "\n# 6.13.0\n\n### Release Manager\n\n - @Jony.Ive\n\n### Features\n - |tests| fix order snapshots — [PR #1018](https://github.com/citadel-of-ricks/C-137/pull/1018) — @Rick.Sanchez\n - |search| consolidate searchBar cornerRadius to 4, increase autocomplete-v3 term height — [PR #1011](https://github.com/citadel-of-ricks/C-137/pull/1011) — @Elvis.Presley\n - |rollbar| update to v1.0.0 final — [PR #1007](https://github.com/citadel-of-ricks/C-137/pull/1007) — @Elvis.Presley\n - |push-notificatons| Request for permission after user places an order with 90 day re-prompt — [PR #1024](https://github.com/citadel-of-ricks/C-137/pull/1024) — @Jony.Ive\n - |express-placement| build error fix — [PR #1025](https://github.com/citadel-of-ricks/C-137/pull/1025) — @Jony.Ive\n - |express-placement| additional clean-up for analytics and bugs — [PR #1021](https://github.com/citadel-of-ricks/C-137/pull/1021) — @Jony.Ive\n - |codable| better supported for AnyEncodables — [PR #1022](https://github.com/citadel-of-ricks/C-137/pull/1022) — @Elvis.Presley\n - |carthage| move google places to internal carthage — [PR #1008](https://github.com/citadel-of-ricks/C-137/pull/1008) — @Elvis.Presley\n - |analytics| Current production express placements are missing subscription_id in express_start.purchase tracking events — [PR #1020](https://github.com/citadel-of-ricks/C-137/pull/1020) — @Jony.Ive\n - Update all express placements to one screen — [PR #975](https://github.com/citadel-of-ricks/C-137/pull/975) — @Jony.Ive\n - Syncing express params across checkout modules — [PR #1016](https://github.com/citadel-of-ricks/C-137/pull/1016) — @Rick.Sanchez\n - Order status V2.5 — [PR #988](https://github.com/citadel-of-ricks/C-137/pull/988) — @Elvis.Presley\n - Autocomplete V3 — [PR #1004](https://github.com/citadel-of-ricks/C-137/pull/1004) — @Elvis.Presley\n\n### Bug Fixes\n - |bug| Don\'t show express placement every cold start — [PR #1019](https://github.com/citadel-of-ricks/C-137/pull/1019) — @Jony.Ive\n - |bug fix| minor bug fixes for cubs/pbi — [PR #1010](https://github.com/citadel-of-ricks/C-137/pull/1010) — @Elvis.Presley\n - |bug fix| fix LossyCodableArray — [PR #1017](https://github.com/citadel-of-ricks/C-137/pull/1017) — @Rick.Sanchez\n\n### Platform Improvements\n - background actions — [PR #955](https://github.com/citadel-of-ricks/C-137/pull/955)\n\n### Timeline\n- Begin development:\n- Feature cut-off / Start of bake / dogfooding:\n- Submission:\n- Release (expected):\n- Release (actual):\n"
