â–¿ Optional<String>
  - some: "\n# 6.19.1 (1986)\n\n### Features\n\n\n### Bug Fixes\n\n\n### Platform Improvements\n\n\n### Timeline\n- Begin development:\n- Feature cut-off / Start of bake / dogfooding:\n- Submission:\n- Release (expected):\n- Release (actual):\n"
