â–¿ 1 element
  - "\n# 6.20.0 (612)\n\n### Features\n - |tests| fix order snapshots - [PR #1018](/pull/1018) - long_live_the_citadel@rick.com\n - |search| consolidate searchBar cornerRadius to 4, increase autocomplete-v3 term height - [PR #1011](/pull/1011) - elvis1935+still-alive@theking.com\n - |rollbar| update to v1.0.0 final - [PR #1007](/pull/1007) - elvis1935+still-alive@theking.com\n - |push-notificatons| Request for permission after user places an order with 90 day re-prompt - [PR #1024](/pull/1024) - jony.ive@apple.com\n - |platform| background actions - [PR #955](/pull/955) - elvis1935+still-alive@theking.com\n - |express-placement| build error fix - [PR #1025](/pull/1025) - jony.ive@apple.com\n - |express-placement| additional clean-up for analytics and bugs - [PR #1021](/pull/1021) - jony.ive@apple.com\n - |codable| better supported for AnyEncodables - [PR #1022](/pull/1022) - elvis1935+still-alive@theking.com\n - |carthage| move google places to internal carthage - [PR #1008](/pull/1008) - elvis1935+still-alive@theking.com\n - |autocomplete-v3| add analytics - [PR #1030](/pull/1030) - elvis1935+still-alive@theking.com\n - |analytics| Current production express placements are missing subscription_id in express_start.purchase tracking events - [PR #1020](/pull/1020) - jony.ive@apple.com\n - Update all express placements to one screen - [PR #975](/pull/975) - jony.ive@apple.com\n - Syncing express params across checkout modules - [PR #1016](/pull/1016) - long_live_the_citadel@rick.com\n - Order status V2.5 - [PR #988](/pull/988) - elvis1935+still-alive@theking.com\n - Autocomplete V3 - [PR #1004](/pull/1004) - elvis1935+still-alive@theking.com\n\n### Bug Fixes\n - |bug| Don\'t show express placement every cold start - [PR #1019](/pull/1019) - jony.ive@apple.com\n - |bug fix| minor bug fixes for cubs/pbi - [PR #1010](/pull/1010) - elvis1935+still-alive@theking.com\n - |bug fix| fix LossyCodableArray - [PR #1017](/pull/1017) - long_live_the_citadel@rick.com\n"
