â–¿ 1 element
  - "contributors:\n  contributor_handle_prefix: \'@\'\n  contributor_list:\n  - emails:\n    - esme.squalor@example.com\n    - esmeDevAccount@github.com\n    handle: GigiGeniveve\n  - email: violet.baudelaire@gmail.com\n    handle: OlafIsEvil\nformat:\n  delimiters:\n    input:\n      left: \'[\'\n      right: \']\'\n    output:\n      left: \'|\'\n      right: \'|\'\n  footer: null\n  format_string: \' - << tags >> << message >> - << commit_type_hyperlink >> - << contributor_handle\n    >>\'\n  header: null\n  section_infos:\n  - format_string: \' - << tags >> << message >> - << commit_type_hyperlink >> - <<\n      contributor_handle >>\'\n    capitalizes_message: false\n    excluded: false\n    tags:\n    - \'*\'\n    title: Features\n  - format_string: \' - << tags >> << message >> - << commit_type_hyperlink >> - <<\n      contributor_handle >>\'\n    capitalizes_message: false\n    excluded: false\n    tags:\n    - bugfix\n    - bug fix\n    - bug\n    title: Bug Fixes\ngit:\n  branch_prefix: \'\'\n  repo_base_url: \'\'\nresolution_commands:\n  build_number: /usr/bin/env bash -c \'git -C $PROJECT_DIR rev-list origin/releases/$NEW_VERSION\n    --count\'\n"
