- "\\n### Features\\n - Consolidate searchBar cornerRadius to 4, increase autocomplete-v3 term height\\n - Autocomplete V3\\n\\n### Bug Fixes\\n - Don\'t show express placement every cold start\\n - Minor bug fixes for cubs/pbi\\n\\n### Timeline\\n- Begin development:\\n- Feature cut-off / Start of bake / dogfooding:\\n- Submission:\\n- Release (expected):\\n- Release (actual):\\n"
