- "\n# 6.13.0\n\n### Release Manager\n\n - @Jony.Ive\n\n### Bug Fixes\n - |bug| Don\'t show express placement every cold start — [PR #1019](https://github.com/citadel-of-ricks/C-137/pull/1019) — @Jony.Ive\n - |bug fix| minor bug fixes for cubs/pbi — [PR #1010](https://github.com/citadel-of-ricks/C-137/pull/1010) — @Elvis.Presley\n - |bug fix| fix LossyCodableArray — [PR #1017](https://github.com/citadel-of-ricks/C-137/pull/1017) — @Rick.Sanchez\n\n### Platform Improvements\n - background actions — [PR #955](https://github.com/citadel-of-ricks/C-137/pull/955)\n\n### Timeline\n- Begin development:\n- Feature cut-off / Start of bake / dogfooding:\n- Submission:\n- Release (expected):\n- Release (actual):\n"
