- "<h1>6.13.0</h1><h3>Features<h3><ul><li>|tests| fix order snapshots - <a href=\"/pull/1018\" target=\"_blank\">PR #1018</a> - long_live_the_citadel@rick.com</li><li>|search| consolidate searchBar cornerRadius to 4, increase autocomplete-v3 term height - <a href=\"/pull/1011\" target=\"_blank\">PR #1011</a> - elvis1935+still-alive@theking.com</li><li>|rollbar| update to v1.0.0 final - <a href=\"/pull/1007\" target=\"_blank\">PR #1007</a> - elvis1935+still-alive@theking.com</li><li>|push-notificatons| Request for permission after user places an order with 90 day re-prompt - <a href=\"/pull/1024\" target=\"_blank\">PR #1024</a> - jony.ive@apple.com</li><li>|platform| background actions - <a href=\"/pull/955\" target=\"_blank\">PR #955</a> - elvis1935+still-alive@theking.com</li><li>|express-placement| build error fix - <a href=\"/pull/1025\" target=\"_blank\">PR #1025</a> - jony.ive@apple.com</li><li>|express-placement| additional clean-up for analytics and bugs - <a href=\"/pull/1021\" target=\"_blank\">PR #1021</a> - jony.ive@apple.com</li><li>|codable| better supported for AnyEncodables - <a href=\"/pull/1022\" target=\"_blank\">PR #1022</a> - elvis1935+still-alive@theking.com</li><li>|carthage| move google places to internal carthage - <a href=\"/pull/1008\" target=\"_blank\">PR #1008</a> - elvis1935+still-alive@theking.com</li><li>|autocomplete-v3| add analytics - <a href=\"/pull/1030\" target=\"_blank\">PR #1030</a> - elvis1935+still-alive@theking.com</li><li>|analytics| Current production express placements are missing subscription_id in express_start.purchase tracking events - <a href=\"/pull/1020\" target=\"_blank\">PR #1020</a> - jony.ive@apple.com</li><li>Update all express placements to one screen - <a href=\"/pull/975\" target=\"_blank\">PR #975</a> - jony.ive@apple.com</li><li>Syncing express params across checkout modules - <a href=\"/pull/1016\" target=\"_blank\">PR #1016</a> - long_live_the_citadel@rick.com</li><li>Order status V2.5 - <a href=\"/pull/988\" target=\"_blank\">PR #988</a> - elvis1935+still-alive@theking.com</li><li>Autocomplete V3 - <a href=\"/pull/1004\" target=\"_blank\">PR #1004</a> - elvis1935+still-alive@theking.com</li></ul><h3>Bug Fixes<h3><ul><li>|bug| Don\'t show express placement every cold start - <a href=\"/pull/1019\" target=\"_blank\">PR #1019</a> - jony.ive@apple.com</li><li>|bug fix| minor bug fixes for cubs/pbi - <a href=\"/pull/1010\" target=\"_blank\">PR #1010</a> - elvis1935+still-alive@theking.com</li><li>|bug fix| fix LossyCodableArray - <a href=\"/pull/1017\" target=\"_blank\">PR #1017</a> - long_live_the_citadel@rick.com</li></ul>"
