▿ Configuration
  - buildNumberCommandArgs: Optional<Array<String>>.none
  ▿ contributorsConfig: ContributorsConfiguration
    ▿ contributorHandlePrefix: Optional<String>
      - some: "@"
    ▿ contributors: 3 elements
      ▿ Contributor
        - email: "jony.ive@apple.com"
        - handle: "Jony.Ive"
      ▿ Contributor
        - email: "long_live_the_citadel@rick.com"
        - handle: "Rick.Sanchez"
      ▿ Contributor
        - email: "elvis1935+still-alive@theking.com"
        - handle: "Elvis.Presley"
  - currentDirectory: "current"
  ▿ delimiterConfig: DelimiterConfiguration
    ▿ input: DelimiterPair
      - left: "["
      - right: "]"
    ▿ output: DelimiterPair
      - left: "|"
      - right: "|"
  ▿ footer: Optional<String>
    - some: "\n### Timeline\n- Begin development:\n- Feature cut-off / Start of bake / dogfooding:\n- Submission:\n- Release (expected):\n- Release (actual):\n"
  - formatTemplate: Optional<FormatTemplate>.none
  ▿ gitConfig: GitConfiguration
    ▿ branchPrefix: Optional<String>
      - some: ""
    - executablePath: Optional<String>.none
    - repoBaseUrl: "https://github.com/citadel-of-ricks/C-137"
  - header: Optional<String>.none
  ▿ sectionInfos: 3 elements
    ▿ SectionInfo
      - capitalizesMessage: false
      - excluded: false
      - formatTemplate: Optional<FormatTemplate>.none
      ▿ tags: 1 member
        - "*"
      - title: "Features"
    ▿ SectionInfo
      - capitalizesMessage: false
      - excluded: false
      - formatTemplate: Optional<FormatTemplate>.none
      ▿ tags: 3 members
        - "bug fix"
        - "bug"
        - "bugfix"
      - title: "Bug Fixes"
    ▿ SectionInfo
      - capitalizesMessage: false
      - excluded: false
      ▿ formatTemplate: Optional<FormatTemplate>
        ▿ some: FormatTemplate
          ▿ outputtables: 4 elements
            - " - "
            - FormatComponent.message
            - " — "
            - FormatComponent.commitTypeHyperlink
      ▿ tags: 4 members
        - "cleanup"
        - "platform"
        - "tooling"
        - "upgrade"
      - title: "Platform Improvements"
